strtol 0 base 10: 0 stop 0 -
strtoul 0 base 10: 0 stop 0 -
strtol 0 base 0: 0 stop 0 -
strtoul 0 base 0: 0 stop 0 -
strtol 0 base 16: 0 stop 0 -
strtoul 0 base 16: 0 stop 0 -
strtol 0 base 8: 0 stop 0 -
strtoul 0 base 8: 0 stop 0 -
strtol 0 base 2: 0 stop 0 -
strtoul 0 base 2: 0 stop 0 -
strtol 0 base 36: 0 stop 0 -
strtoul 0 base 36: 0 stop 0 -
strtol-noend 0: 0 -
strtol 1 base 10: 0 stop 0 -
strtoul 1 base 10: 0 stop 0 -
strtol 1 base 0: 0 stop 0 -
strtoul 1 base 0: 0 stop 0 -
strtol 1 base 16: 0 stop 0 -
strtoul 1 base 16: 0 stop 0 -
strtol 1 base 8: 0 stop 0 -
strtoul 1 base 8: 0 stop 0 -
strtol 1 base 2: 0 stop 0 -
strtoul 1 base 2: 0 stop 0 -
strtol 1 base 36: 0 stop 0 -
strtoul 1 base 36: 0 stop 0 -
strtol-noend 1: 0 -
strtol 2 base 10: 0 stop 0 -
strtoul 2 base 10: 0 stop 0 -
strtol 2 base 0: 0 stop 0 -
strtoul 2 base 0: 0 stop 0 -
strtol 2 base 16: 0 stop 0 -
strtoul 2 base 16: 0 stop 0 -
strtol 2 base 8: 0 stop 0 -
strtoul 2 base 8: 0 stop 0 -
strtol 2 base 2: 0 stop 0 -
strtoul 2 base 2: 0 stop 0 -
strtol 2 base 36: 0 stop 0 -
strtoul 2 base 36: 0 stop 0 -
strtol-noend 2: 0 -
strtol 3 base 10: 0 stop 0 -
strtoul 3 base 10: 0 stop 0 -
strtol 3 base 0: 0 stop 0 -
strtoul 3 base 0: 0 stop 0 -
strtol 3 base 16: 0 stop 0 -
strtoul 3 base 16: 0 stop 0 -
strtol 3 base 8: 0 stop 0 -
strtoul 3 base 8: 0 stop 0 -
strtol 3 base 2: 0 stop 0 -
strtoul 3 base 2: 0 stop 0 -
strtol 3 base 36: 0 stop 0 -
strtoul 3 base 36: 0 stop 0 -
strtol-noend 3: 0 -
strtol 4 base 10: 0 stop 0 -
strtoul 4 base 10: 0 stop 0 -
strtol 4 base 0: 0 stop 0 -
strtoul 4 base 0: 0 stop 0 -
strtol 4 base 16: 0 stop 0 -
strtoul 4 base 16: 0 stop 0 -
strtol 4 base 8: 0 stop 0 -
strtoul 4 base 8: 0 stop 0 -
strtol 4 base 2: 0 stop 0 -
strtoul 4 base 2: 0 stop 0 -
strtol 4 base 36: 0 stop 0 -
strtoul 4 base 36: 0 stop 0 -
strtol-noend 4: 0 -
strtol 5 base 10: 0 stop 0 -
strtoul 5 base 10: 0 stop 0 -
strtol 5 base 0: 0 stop 0 -
strtoul 5 base 0: 0 stop 0 -
strtol 5 base 16: 0 stop 0 -
strtoul 5 base 16: 0 stop 0 -
strtol 5 base 8: 0 stop 0 -
strtoul 5 base 8: 0 stop 0 -
strtol 5 base 2: 0 stop 0 -
strtoul 5 base 2: 0 stop 0 -
strtol 5 base 36: 0 stop 0 -
strtoul 5 base 36: 0 stop 0 -
strtol-noend 5: 0 -
strtol 6 base 10: 42 stop 8 -
strtoul 6 base 10: 42 stop 8 -
strtol 6 base 0: 42 stop 8 -
strtoul 6 base 0: 42 stop 8 -
strtol 6 base 16: 66 stop 8 -
strtoul 6 base 16: 66 stop 8 -
strtol 6 base 8: 34 stop 8 -
strtoul 6 base 8: 34 stop 8 -
strtol 6 base 2: 0 stop 0 -
strtoul 6 base 2: 0 stop 0 -
strtol 6 base 36: 146 stop 8 -
strtoul 6 base 36: 146 stop 8 -
strtol-noend 6: 42 -
strtol 7 base 10: -123 stop 6 -
strtoul 7 base 10: -123 stop 6 -
strtol 7 base 0: -123 stop 6 -
strtoul 7 base 0: -123 stop 6 -
strtol 7 base 16: -291 stop 6 -
strtoul 7 base 16: -291 stop 6 -
strtol 7 base 8: -83 stop 6 -
strtoul 7 base 8: -83 stop 6 -
strtol 7 base 2: -1 stop 4 -
strtoul 7 base 2: -1 stop 4 -
strtol 7 base 36: -64009403 stop 9 -
strtoul 7 base 36: -64009403 stop 9 -
strtol-noend 7: -123 -
strtol 8 base 10: 0 stop 2 -
strtoul 8 base 10: 0 stop 2 -
strtol 8 base 0: 0 stop 2 -
strtoul 8 base 0: 0 stop 2 -
strtol 8 base 16: 0 stop 2 -
strtoul 8 base 16: 0 stop 2 -
strtol 8 base 8: 0 stop 2 -
strtoul 8 base 8: 0 stop 2 -
strtol 8 base 2: 0 stop 2 -
strtoul 8 base 2: 0 stop 2 -
strtol 8 base 36: 0 stop 2 -
strtoul 8 base 36: 0 stop 2 -
strtol-noend 8: 0 -
strtol 9 base 10: 0 stop 2 -
strtoul 9 base 10: 0 stop 2 -
strtol 9 base 0: 0 stop 2 -
strtoul 9 base 0: 0 stop 2 -
strtol 9 base 16: 0 stop 2 -
strtoul 9 base 16: 0 stop 2 -
strtol 9 base 8: 0 stop 2 -
strtoul 9 base 8: 0 stop 2 -
strtol 9 base 2: 0 stop 2 -
strtoul 9 base 2: 0 stop 2 -
strtol 9 base 36: 0 stop 2 -
strtoul 9 base 36: 0 stop 2 -
strtol-noend 9: 0 -
strtol 10 base 10: 42 stop 4 -
strtoul 10 base 10: 42 stop 4 -
strtol 10 base 0: 34 stop 4 -
strtoul 10 base 0: 34 stop 4 -
strtol 10 base 16: 66 stop 4 -
strtoul 10 base 16: 66 stop 4 -
strtol 10 base 8: 34 stop 4 -
strtoul 10 base 8: 34 stop 4 -
strtol 10 base 2: 0 stop 2 -
strtoul 10 base 2: 0 stop 2 -
strtol 10 base 36: 146 stop 4 -
strtoul 10 base 36: 146 stop 4 -
strtol-noend 10: 42 -
strtol 11 base 10: 0 stop 0 -
strtoul 11 base 10: 0 stop 0 -
strtol 11 base 0: 0 stop 0 -
strtoul 11 base 0: 0 stop 0 -
strtol 11 base 16: 0 stop 0 -
strtoul 11 base 16: 0 stop 0 -
strtol 11 base 8: 0 stop 0 -
strtoul 11 base 8: 0 stop 0 -
strtol 11 base 2: 0 stop 0 -
strtoul 11 base 2: 0 stop 0 -
strtol 11 base 36: 0 stop 0 -
strtoul 11 base 36: 0 stop 0 -
strtol-noend 11: 0 -
strtol 12 base 10: 12 stop 2 -
strtoul 12 base 10: 12 stop 2 -
strtol 12 base 0: 12 stop 2 -
strtoul 12 base 0: 12 stop 2 -
strtol 12 base 16: 76476 stop 5 -
strtoul 12 base 16: 76476 stop 5 -
strtol 12 base 8: 10 stop 2 -
strtoul 12 base 8: 10 stop 2 -
strtol 12 base 2: 1 stop 1 -
strtoul 12 base 2: 1 stop 1 -
strtol 12 base 36: 1786296 stop 5 -
strtoul 12 base 36: 1786296 stop 5 -
strtol-noend 12: 12 -
strtol 13 base 10: 2147483647 stop 10 -
strtoul 13 base 10: 2147483647 stop 10 -
strtol 13 base 0: 2147483647 stop 10 -
strtoul 13 base 0: 2147483647 stop 10 -
strtol 13 base 16: 2147483647 stop 10 ERANGE
strtoul 13 base 16: -1 stop 10 ERANGE
strtol 13 base 8: 9020 stop 5 -
strtoul 13 base 8: 9020 stop 5 -
strtol 13 base 2: 0 stop 0 -
strtoul 13 base 2: 0 stop 0 -
strtol 13 base 36: 2147483647 stop 10 ERANGE
strtoul 13 base 36: -1 stop 10 ERANGE
strtol-noend 13: 2147483647 -
strtol 14 base 10: 2147483647 stop 10 ERANGE
strtoul 14 base 10: -2147483648 stop 10 -
strtol 14 base 0: 2147483647 stop 10 ERANGE
strtoul 14 base 0: -2147483648 stop 10 -
strtol 14 base 16: 2147483647 stop 10 ERANGE
strtoul 14 base 16: -1 stop 10 ERANGE
strtol 14 base 8: 9020 stop 5 -
strtoul 14 base 8: 9020 stop 5 -
strtol 14 base 2: 0 stop 0 -
strtoul 14 base 2: 0 stop 0 -
strtol 14 base 36: 2147483647 stop 10 ERANGE
strtoul 14 base 36: -1 stop 10 ERANGE
strtol-noend 14: 2147483647 ERANGE
strtol 15 base 10: -2147483648 stop 11 -
strtoul 15 base 10: -2147483648 stop 11 -
strtol 15 base 0: -2147483648 stop 11 -
strtoul 15 base 0: -2147483648 stop 11 -
strtol 15 base 16: -2147483648 stop 11 ERANGE
strtoul 15 base 16: -1 stop 11 ERANGE
strtol 15 base 8: -9020 stop 6 -
strtoul 15 base 8: -9020 stop 6 -
strtol 15 base 2: 0 stop 0 -
strtoul 15 base 2: 0 stop 0 -
strtol 15 base 36: -2147483648 stop 11 ERANGE
strtoul 15 base 36: -1 stop 11 ERANGE
strtol-noend 15: -2147483648 -
strtol 16 base 10: -2147483648 stop 11 ERANGE
strtoul 16 base 10: 2147483647 stop 11 -
strtol 16 base 0: -2147483648 stop 11 ERANGE
strtoul 16 base 0: 2147483647 stop 11 -
strtol 16 base 16: -2147483648 stop 11 ERANGE
strtoul 16 base 16: -1 stop 11 ERANGE
strtol 16 base 8: -9020 stop 6 -
strtoul 16 base 8: -9020 stop 6 -
strtol 16 base 2: 0 stop 0 -
strtoul 16 base 2: 0 stop 0 -
strtol 16 base 36: -2147483648 stop 11 ERANGE
strtoul 16 base 36: -1 stop 11 ERANGE
strtol-noend 16: -2147483648 ERANGE
strtol 17 base 10: 2147483647 stop 10 ERANGE
strtoul 17 base 10: -1 stop 10 -
strtol 17 base 0: 2147483647 stop 10 ERANGE
strtoul 17 base 0: -1 stop 10 -
strtol 17 base 16: 2147483647 stop 10 ERANGE
strtoul 17 base 16: -1 stop 10 ERANGE
strtol 17 base 8: 34 stop 2 -
strtoul 17 base 8: 34 stop 2 -
strtol 17 base 2: 0 stop 0 -
strtoul 17 base 2: 0 stop 0 -
strtol 17 base 36: 2147483647 stop 10 ERANGE
strtoul 17 base 36: -1 stop 10 ERANGE
strtol-noend 17: 2147483647 ERANGE
strtol 18 base 10: 2147483647 stop 10 ERANGE
strtoul 18 base 10: -1 stop 10 ERANGE
strtol 18 base 0: 2147483647 stop 10 ERANGE
strtoul 18 base 0: -1 stop 10 ERANGE
strtol 18 base 16: 2147483647 stop 10 ERANGE
strtoul 18 base 16: -1 stop 10 ERANGE
strtol 18 base 8: 34 stop 2 -
strtoul 18 base 8: 34 stop 2 -
strtol 18 base 2: 0 stop 0 -
strtoul 18 base 2: 0 stop 0 -
strtol 18 base 36: 2147483647 stop 10 ERANGE
strtoul 18 base 36: -1 stop 10 ERANGE
strtol-noend 18: 2147483647 ERANGE
strtol 19 base 10: -2147483648 stop 11 ERANGE
strtoul 19 base 10: 1 stop 11 -
strtol 19 base 0: -2147483648 stop 11 ERANGE
strtoul 19 base 0: 1 stop 11 -
strtol 19 base 16: -2147483648 stop 11 ERANGE
strtoul 19 base 16: -1 stop 11 ERANGE
strtol 19 base 8: -34 stop 3 -
strtoul 19 base 8: -34 stop 3 -
strtol 19 base 2: 0 stop 0 -
strtoul 19 base 2: 0 stop 0 -
strtol 19 base 36: -2147483648 stop 11 ERANGE
strtoul 19 base 36: -1 stop 11 ERANGE
strtol-noend 19: -2147483648 ERANGE
strtol 20 base 10: -2147483648 stop 11 ERANGE
strtoul 20 base 10: -1 stop 11 ERANGE
strtol 20 base 0: -2147483648 stop 11 ERANGE
strtoul 20 base 0: -1 stop 11 ERANGE
strtol 20 base 16: -2147483648 stop 11 ERANGE
strtoul 20 base 16: -1 stop 11 ERANGE
strtol 20 base 8: -34 stop 3 -
strtoul 20 base 8: -34 stop 3 -
strtol 20 base 2: 0 stop 0 -
strtoul 20 base 2: 0 stop 0 -
strtol 20 base 36: -2147483648 stop 11 ERANGE
strtoul 20 base 36: -1 stop 11 ERANGE
strtol-noend 20: -2147483648 ERANGE
strtol 21 base 10: -1 stop 2 -
strtoul 21 base 10: -1 stop 2 -
strtol 21 base 0: -1 stop 2 -
strtoul 21 base 0: -1 stop 2 -
strtol 21 base 16: -1 stop 2 -
strtoul 21 base 16: -1 stop 2 -
strtol 21 base 8: -1 stop 2 -
strtoul 21 base 8: -1 stop 2 -
strtol 21 base 2: -1 stop 2 -
strtoul 21 base 2: -1 stop 2 -
strtol 21 base 36: -1 stop 2 -
strtoul 21 base 36: -1 stop 2 -
strtol-noend 21: -1 -
strtol 22 base 10: 2147483647 stop 22 -
strtoul 22 base 10: 2147483647 stop 22 -
strtol 22 base 0: 9020 stop 17 -
strtoul 22 base 0: 9020 stop 17 -
strtol 22 base 16: 2147483647 stop 22 ERANGE
strtoul 22 base 16: -1 stop 22 ERANGE
strtol 22 base 8: 9020 stop 17 -
strtoul 22 base 8: 9020 stop 17 -
strtol 22 base 2: 0 stop 12 -
strtoul 22 base 2: 0 stop 12 -
strtol 22 base 36: 2147483647 stop 22 ERANGE
strtoul 22 base 36: -1 stop 22 ERANGE
strtol-noend 22: 2147483647 -
strtol 23 base 10: 2147483647 stop 21 ERANGE
strtoul 23 base 10: -1 stop 21 ERANGE
strtol 23 base 0: 34 stop 13 -
strtoul 23 base 0: 34 stop 13 -
strtol 23 base 16: 2147483647 stop 21 ERANGE
strtoul 23 base 16: -1 stop 21 ERANGE
strtol 23 base 8: 34 stop 13 -
strtoul 23 base 8: 34 stop 13 -
strtol 23 base 2: 0 stop 11 -
strtoul 23 base 2: 0 stop 11 -
strtol 23 base 36: 2147483647 stop 21 ERANGE
strtoul 23 base 36: -1 stop 21 ERANGE
strtol-noend 23: 2147483647 ERANGE
strtol 24 base 10: 0 stop 20 -
strtoul 24 base 10: 0 stop 20 -
strtol 24 base 0: 0 stop 20 -
strtoul 24 base 0: 0 stop 20 -
strtol 24 base 16: 0 stop 20 -
strtoul 24 base 16: 0 stop 20 -
strtol 24 base 8: 0 stop 20 -
strtoul 24 base 8: 0 stop 20 -
strtol 24 base 2: 0 stop 20 -
strtoul 24 base 2: 0 stop 20 -
strtol 24 base 36: 0 stop 20 -
strtoul 24 base 36: 0 stop 20 -
strtol-noend 24: 0 -
strtol 25 base 10: 2147483647 stop 10 ERANGE
strtoul 25 base 10: -1294967297 stop 10 -
strtol 25 base 0: 2147483647 stop 10 ERANGE
strtoul 25 base 0: -1294967297 stop 10 -
strtol 25 base 16: 2147483647 stop 10 ERANGE
strtoul 25 base 16: -1 stop 10 ERANGE
strtol 25 base 8: 2 stop 1 -
strtoul 25 base 8: 2 stop 1 -
strtol 25 base 2: 0 stop 0 -
strtoul 25 base 2: 0 stop 0 -
strtol 25 base 36: 2147483647 stop 10 ERANGE
strtoul 25 base 36: -1 stop 10 ERANGE
strtol-noend 25: 2147483647 ERANGE
strtol 26 base 10: 2147483647 stop 10 ERANGE
strtoul 26 base 10: -1294967296 stop 10 -
strtol 26 base 0: 2147483647 stop 10 ERANGE
strtoul 26 base 0: -1294967296 stop 10 -
strtol 26 base 16: 2147483647 stop 10 ERANGE
strtoul 26 base 16: -1 stop 10 ERANGE
strtol 26 base 8: 402653184 stop 10 -
strtoul 26 base 8: 402653184 stop 10 -
strtol 26 base 2: 0 stop 0 -
strtoul 26 base 2: 0 stop 0 -
strtol 26 base 36: 2147483647 stop 10 ERANGE
strtoul 26 base 36: -1 stop 10 ERANGE
strtol-noend 26: 2147483647 ERANGE
strtol 27 base 10: 2147483647 stop 10 ERANGE
strtoul 27 base 10: -294967297 stop 10 -
strtol 27 base 0: 2147483647 stop 10 ERANGE
strtoul 27 base 0: -294967297 stop 10 -
strtol 27 base 16: 2147483647 stop 10 ERANGE
strtoul 27 base 16: -1 stop 10 ERANGE
strtol 27 base 8: 3 stop 1 -
strtoul 27 base 8: 3 stop 1 -
strtol 27 base 2: 0 stop 0 -
strtoul 27 base 2: 0 stop 0 -
strtol 27 base 36: 2147483647 stop 10 ERANGE
strtoul 27 base 36: -1 stop 10 ERANGE
strtol-noend 27: 2147483647 ERANGE
strtol 28 base 10: 2147483647 stop 10 ERANGE
strtoul 28 base 10: -294967296 stop 10 -
strtol 28 base 0: 2147483647 stop 10 ERANGE
strtoul 28 base 0: -294967296 stop 10 -
strtol 28 base 16: 2147483647 stop 10 ERANGE
strtoul 28 base 16: -1 stop 10 ERANGE
strtol 28 base 8: 536870912 stop 10 -
strtoul 28 base 8: 536870912 stop 10 -
strtol 28 base 2: 0 stop 0 -
strtoul 28 base 2: 0 stop 0 -
strtol 28 base 36: 2147483647 stop 10 ERANGE
strtoul 28 base 36: -1 stop 10 ERANGE
strtol-noend 28: 2147483647 ERANGE
strtol 29 base 10: 2147483647 stop 10 ERANGE
strtoul 29 base 10: -1 stop 10 ERANGE
strtol 29 base 0: 2147483647 stop 10 ERANGE
strtoul 29 base 0: -1 stop 10 ERANGE
strtol 29 base 16: 2147483647 stop 10 ERANGE
strtoul 29 base 16: -1 stop 10 ERANGE
strtol 29 base 8: 4 stop 1 -
strtoul 29 base 8: 4 stop 1 -
strtol 29 base 2: 0 stop 0 -
strtoul 29 base 2: 0 stop 0 -
strtol 29 base 36: 2147483647 stop 10 ERANGE
strtoul 29 base 36: -1 stop 10 ERANGE
strtol-noend 29: 2147483647 ERANGE
strtol 30 base 10: 2147483647 stop 10 ERANGE
strtoul 30 base 10: -1 stop 10 ERANGE
strtol 30 base 0: 2147483647 stop 10 ERANGE
strtoul 30 base 0: -1 stop 10 ERANGE
strtol 30 base 16: 2147483647 stop 10 ERANGE
strtoul 30 base 16: -1 stop 10 ERANGE
strtol 30 base 8: 671088640 stop 10 -
strtoul 30 base 8: 671088640 stop 10 -
strtol 30 base 2: 0 stop 0 -
strtoul 30 base 2: 0 stop 0 -
strtol 30 base 36: 2147483647 stop 10 ERANGE
strtoul 30 base 36: -1 stop 10 ERANGE
strtol-noend 30: 2147483647 ERANGE
strtol 31 base 10: 2147483647 stop 10 ERANGE
strtoul 31 base 10: -1 stop 10 ERANGE
strtol 31 base 0: 2147483647 stop 10 ERANGE
strtoul 31 base 0: -1 stop 10 ERANGE
strtol 31 base 16: 2147483647 stop 10 ERANGE
strtoul 31 base 16: -1 stop 10 ERANGE
strtol 31 base 8: 0 stop 0 -
strtoul 31 base 8: 0 stop 0 -
strtol 31 base 2: 0 stop 0 -
strtoul 31 base 2: 0 stop 0 -
strtol 31 base 36: 2147483647 stop 10 ERANGE
strtoul 31 base 36: -1 stop 10 ERANGE
strtol-noend 31: 2147483647 ERANGE
strtol 32 base 10: 2147483647 stop 11 ERANGE
strtoul 32 base 10: -1 stop 11 ERANGE
strtol 32 base 0: 2147483647 stop 11 ERANGE
strtoul 32 base 0: -1 stop 11 ERANGE
strtol 32 base 16: 2147483647 stop 11 ERANGE
strtoul 32 base 16: -1 stop 11 ERANGE
strtol 32 base 8: 1073741824 stop 11 -
strtoul 32 base 8: 1073741824 stop 11 -
strtol 32 base 2: 1024 stop 11 -
strtoul 32 base 2: 1024 stop 11 -
strtol 32 base 36: 2147483647 stop 11 ERANGE
strtoul 32 base 36: -1 stop 11 ERANGE
strtol-noend 32: 2147483647 ERANGE
strtol 33 base 10: 2147483647 stop 20 ERANGE
strtoul 33 base 10: -1 stop 20 ERANGE
strtol 33 base 0: 2147483647 stop 20 ERANGE
strtoul 33 base 0: -1 stop 20 ERANGE
strtol 33 base 16: 2147483647 stop 20 ERANGE
strtoul 33 base 16: -1 stop 20 ERANGE
strtol 33 base 8: 0 stop 0 -
strtoul 33 base 8: 0 stop 0 -
strtol 33 base 2: 0 stop 0 -
strtoul 33 base 2: 0 stop 0 -
strtol 33 base 36: 2147483647 stop 20 ERANGE
strtoul 33 base 36: -1 stop 20 ERANGE
strtol-noend 33: 2147483647 ERANGE
strtol 34 base 10: 2147483647 stop 11 ERANGE
strtoul 34 base 10: -1 stop 11 -
strtol 34 base 0: 2147483647 stop 11 ERANGE
strtoul 34 base 0: -1 stop 11 -
strtol 34 base 16: 2147483647 stop 11 ERANGE
strtoul 34 base 16: -1 stop 11 ERANGE
strtol 34 base 8: 34 stop 3 -
strtoul 34 base 8: 34 stop 3 -
strtol 34 base 2: 0 stop 0 -
strtoul 34 base 2: 0 stop 0 -
strtol 34 base 36: 2147483647 stop 11 ERANGE
strtoul 34 base 36: -1 stop 11 ERANGE
strtol-noend 34: 2147483647 ERANGE
strtol 35 base 10: -2147483648 stop 11 ERANGE
strtoul 35 base 10: 1294967297 stop 11 -
strtol 35 base 0: -2147483648 stop 11 ERANGE
strtoul 35 base 0: 1294967297 stop 11 -
strtol 35 base 16: -2147483648 stop 11 ERANGE
strtoul 35 base 16: -1 stop 11 ERANGE
strtol 35 base 8: -2 stop 2 -
strtoul 35 base 8: -2 stop 2 -
strtol 35 base 2: 0 stop 0 -
strtoul 35 base 2: 0 stop 0 -
strtol 35 base 36: -2147483648 stop 11 ERANGE
strtoul 35 base 36: -1 stop 11 ERANGE
strtol-noend 35: -2147483648 ERANGE
strtol 36 base 10: 0 stop 1 -
strtoul 36 base 10: 0 stop 1 -
strtol 36 base 0: 26 stop 4 -
strtoul 36 base 0: 26 stop 4 -
strtol 36 base 16: 26 stop 4 -
strtoul 36 base 16: 26 stop 4 -
strtol 36 base 8: 0 stop 1 -
strtoul 36 base 8: 0 stop 1 -
strtol 36 base 2: 0 stop 1 -
strtoul 36 base 2: 0 stop 1 -
strtol 36 base 36: 42814 stop 4 -
strtoul 36 base 36: 42814 stop 4 -
strtol-noend 36: 0 -
strtol 37 base 10: 0 stop 1 -
strtoul 37 base 10: 0 stop 1 -
strtol 37 base 0: 26 stop 4 -
strtoul 37 base 0: 26 stop 4 -
strtol 37 base 16: 26 stop 4 -
strtoul 37 base 16: 26 stop 4 -
strtol 37 base 8: 0 stop 1 -
strtoul 37 base 8: 0 stop 1 -
strtol 37 base 2: 0 stop 1 -
strtoul 37 base 2: 0 stop 1 -
strtol 37 base 36: 42814 stop 4 -
strtoul 37 base 36: 42814 stop 4 -
strtol-noend 37: 0 -
strtol 38 base 10: 0 stop 1 -
strtoul 38 base 10: 0 stop 1 -
strtol 38 base 0: 0 stop 1 -
strtoul 38 base 0: 0 stop 1 -
strtol 38 base 16: 0 stop 1 -
strtoul 38 base 16: 0 stop 1 -
strtol 38 base 8: 0 stop 1 -
strtoul 38 base 8: 0 stop 1 -
strtol 38 base 2: 0 stop 1 -
strtoul 38 base 2: 0 stop 1 -
strtol 38 base 36: 33 stop 2 -
strtoul 38 base 36: 33 stop 2 -
strtol-noend 38: 0 -
strtol 39 base 10: 0 stop 1 -
strtoul 39 base 10: 0 stop 1 -
strtol 39 base 0: 0 stop 1 -
strtoul 39 base 0: 0 stop 1 -
strtol 39 base 16: 0 stop 1 -
strtoul 39 base 16: 0 stop 1 -
strtol 39 base 8: 0 stop 1 -
strtoul 39 base 8: 0 stop 1 -
strtol 39 base 2: 0 stop 1 -
strtoul 39 base 2: 0 stop 1 -
strtol 39 base 36: 1204 stop 3 -
strtoul 39 base 36: 1204 stop 3 -
strtol-noend 39: 0 -
strtol 40 base 10: 0 stop 1 -
strtoul 40 base 10: 0 stop 1 -
strtol 40 base 0: 0 stop 1 -
strtoul 40 base 0: 0 stop 1 -
strtol 40 base 16: 0 stop 1 -
strtoul 40 base 16: 0 stop 1 -
strtol 40 base 8: 0 stop 1 -
strtoul 40 base 8: 0 stop 1 -
strtol 40 base 2: 0 stop 1 -
strtoul 40 base 2: 0 stop 1 -
strtol 40 base 36: 33 stop 2 -
strtoul 40 base 36: 33 stop 2 -
strtol-noend 40: 0 -
strtol 41 base 10: 10 stop 3 -
strtoul 41 base 10: 10 stop 3 -
strtol 41 base 0: 8 stop 3 -
strtoul 41 base 0: 8 stop 3 -
strtol 41 base 16: 16 stop 3 -
strtoul 41 base 16: 16 stop 3 -
strtol 41 base 8: 8 stop 3 -
strtoul 41 base 8: 8 stop 3 -
strtol 41 base 2: 2 stop 3 -
strtoul 41 base 2: 2 stop 3 -
strtol 41 base 36: 36 stop 3 -
strtoul 41 base 36: 36 stop 3 -
strtol-noend 41: 10 -
strtol 42 base 10: 8 stop 2 -
strtoul 42 base 10: 8 stop 2 -
strtol 42 base 0: 0 stop 1 -
strtoul 42 base 0: 0 stop 1 -
strtol 42 base 16: 8 stop 2 -
strtoul 42 base 16: 8 stop 2 -
strtol 42 base 8: 0 stop 1 -
strtoul 42 base 8: 0 stop 1 -
strtol 42 base 2: 0 stop 1 -
strtoul 42 base 2: 0 stop 1 -
strtol 42 base 36: 8 stop 2 -
strtoul 42 base 36: 8 stop 2 -
strtol-noend 42: 8 -
strtol 43 base 10: 0 stop 1 -
strtoul 43 base 10: 0 stop 1 -
strtol 43 base 0: 0 stop 1 -
strtoul 43 base 0: 0 stop 1 -
strtol 43 base 16: 0 stop 1 -
strtoul 43 base 16: 0 stop 1 -
strtol 43 base 8: 0 stop 1 -
strtoul 43 base 8: 0 stop 1 -
strtol 43 base 2: 0 stop 1 -
strtoul 43 base 2: 0 stop 1 -
strtol 43 base 36: 0 stop 1 -
strtoul 43 base 36: 0 stop 1 -
strtol-noend 43: 0 -
strtol 44 base 10: 0 stop 2 -
strtoul 44 base 10: 0 stop 2 -
strtol 44 base 0: -16 stop 5 -
strtoul 44 base 0: -16 stop 5 -
strtol 44 base 16: -16 stop 5 -
strtoul 44 base 16: -16 stop 5 -
strtol 44 base 8: 0 stop 2 -
strtoul 44 base 8: 0 stop 2 -
strtol 44 base 2: 0 stop 2 -
strtoul 44 base 2: 0 stop 2 -
strtol 44 base 36: -42804 stop 5 -
strtoul 44 base 36: -42804 stop 5 -
strtol-noend 44: 0 -
strtol 45 base 10: 777 stop 7 -
strtoul 45 base 10: 777 stop 7 -
strtol 45 base 0: 511 stop 7 -
strtoul 45 base 0: 511 stop 7 -
strtol 45 base 16: 1911 stop 7 -
strtoul 45 base 16: 1911 stop 7 -
strtol 45 base 8: 511 stop 7 -
strtoul 45 base 8: 511 stop 7 -
strtol 45 base 2: 0 stop 4 -
strtoul 45 base 2: 0 stop 4 -
strtol 45 base 36: 9331 stop 7 -
strtoul 45 base 36: 9331 stop 7 -
strtol-noend 45: 777 -
strtol 46 base 10: 0 stop 0 -
strtoul 46 base 10: 0 stop 0 -
strtol 46 base 0: 0 stop 0 -
strtoul 46 base 0: 0 stop 0 -
strtol 46 base 16: 255 stop 2 -
strtoul 46 base 16: 255 stop 2 -
strtol 46 base 8: 0 stop 0 -
strtoul 46 base 8: 0 stop 0 -
strtol 46 base 2: 0 stop 0 -
strtoul 46 base 2: 0 stop 0 -
strtol 46 base 36: 555 stop 2 -
strtoul 46 base 36: 555 stop 2 -
strtol-noend 46: 0 -
strtol 47 base 10: 0 stop 0 -
strtoul 47 base 10: 0 stop 0 -
strtol 47 base 0: 0 stop 0 -
strtoul 47 base 0: 0 stop 0 -
strtol 47 base 16: -2147483648 stop 9 ERANGE
strtoul 47 base 16: 1 stop 9 -
strtol 47 base 8: 0 stop 0 -
strtoul 47 base 8: 0 stop 0 -
strtol 47 base 2: 0 stop 0 -
strtoul 47 base 2: 0 stop 0 -
strtol 47 base 36: -2147483648 stop 9 ERANGE
strtoul 47 base 36: -1 stop 9 ERANGE
strtol-noend 47: 0 -
strtol 48 base 10: 0 stop 1 -
strtoul 48 base 10: 0 stop 1 -
strtol 48 base 0: 2147483647 stop 10 ERANGE
strtoul 48 base 0: -1 stop 10 -
strtol 48 base 16: 2147483647 stop 10 ERANGE
strtoul 48 base 16: -1 stop 10 -
strtol 48 base 8: 0 stop 1 -
strtoul 48 base 8: 0 stop 1 -
strtol 48 base 2: 0 stop 1 -
strtoul 48 base 2: 0 stop 1 -
strtol 48 base 36: 2147483647 stop 10 ERANGE
strtoul 48 base 36: -1 stop 10 ERANGE
strtol-noend 48: 0 -
strtol 49 base 10: 0 stop 1 -
strtoul 49 base 10: 0 stop 1 -
strtol 49 base 0: 2147483647 stop 11 ERANGE
strtoul 49 base 0: -1 stop 11 ERANGE
strtol 49 base 16: 2147483647 stop 11 ERANGE
strtoul 49 base 16: -1 stop 11 ERANGE
strtol 49 base 8: 0 stop 1 -
strtoul 49 base 8: 0 stop 1 -
strtol 49 base 2: 0 stop 1 -
strtoul 49 base 2: 0 stop 1 -
strtol 49 base 36: 2147483647 stop 11 ERANGE
strtoul 49 base 36: -1 stop 11 ERANGE
strtol-noend 49: 0 -
strtol 50 base 10: 0 stop 1 -
strtoul 50 base 10: 0 stop 1 -
strtol 50 base 0: 2147483647 stop 20 ERANGE
strtoul 50 base 0: -1 stop 20 -
strtol 50 base 16: 2147483647 stop 20 ERANGE
strtoul 50 base 16: -1 stop 20 -
strtol 50 base 8: 0 stop 1 -
strtoul 50 base 8: 0 stop 1 -
strtol 50 base 2: 0 stop 1 -
strtoul 50 base 2: 0 stop 1 -
strtol 50 base 36: 2147483647 stop 20 ERANGE
strtoul 50 base 36: -1 stop 20 ERANGE
strtol-noend 50: 0 -
strtol 51 base 10: 0 stop 1 -
strtoul 51 base 10: 0 stop 1 -
strtol 51 base 0: 2147483647 stop 10 -
strtoul 51 base 0: 2147483647 stop 10 -
strtol 51 base 16: 2147483647 stop 10 -
strtoul 51 base 16: 2147483647 stop 10 -
strtol 51 base 8: 0 stop 1 -
strtoul 51 base 8: 0 stop 1 -
strtol 51 base 2: 0 stop 1 -
strtoul 51 base 2: 0 stop 1 -
strtol 51 base 36: 2147483647 stop 10 ERANGE
strtoul 51 base 36: -1 stop 10 ERANGE
strtol-noend 51: 0 -
strtol 52 base 10: 0 stop 2 -
strtoul 52 base 10: 0 stop 2 -
strtol 52 base 0: -2147483648 stop 11 -
strtoul 52 base 0: -2147483648 stop 11 -
strtol 52 base 16: -2147483648 stop 11 -
strtoul 52 base 16: -2147483648 stop 11 -
strtol 52 base 8: 0 stop 2 -
strtoul 52 base 8: 0 stop 2 -
strtol 52 base 2: 0 stop 2 -
strtoul 52 base 2: 0 stop 2 -
strtol 52 base 36: -2147483648 stop 11 ERANGE
strtoul 52 base 36: -1 stop 11 ERANGE
strtol-noend 52: 0 -
strtol 53 base 10: 0 stop 2 -
strtoul 53 base 10: 0 stop 2 -
strtol 53 base 0: -2147483648 stop 11 ERANGE
strtoul 53 base 0: 2147483647 stop 11 -
strtol 53 base 16: -2147483648 stop 11 ERANGE
strtoul 53 base 16: 2147483647 stop 11 -
strtol 53 base 8: 0 stop 2 -
strtoul 53 base 8: 0 stop 2 -
strtol 53 base 2: 0 stop 2 -
strtoul 53 base 2: 0 stop 2 -
strtol 53 base 36: -2147483648 stop 11 ERANGE
strtoul 53 base 36: -1 stop 11 ERANGE
strtol-noend 53: 0 -
strtol 54 base 10: 2147483647 stop 12 ERANGE
strtoul 54 base 10: -1 stop 12 ERANGE
strtol 54 base 0: 2147483647 stop 12 ERANGE
strtoul 54 base 0: -1 stop 12 -
strtol 54 base 16: 2147483647 stop 12 ERANGE
strtoul 54 base 16: -1 stop 12 ERANGE
strtol 54 base 8: 2147483647 stop 12 ERANGE
strtoul 54 base 8: -1 stop 12 -
strtol 54 base 2: 0 stop 1 -
strtoul 54 base 2: 0 stop 1 -
strtol 54 base 36: 2147483647 stop 12 ERANGE
strtoul 54 base 36: -1 stop 12 ERANGE
strtol-noend 54: 2147483647 ERANGE
strtol 55 base 10: 2147483647 stop 12 ERANGE
strtoul 55 base 10: -1 stop 12 ERANGE
strtol 55 base 0: 2147483647 stop 12 ERANGE
strtoul 55 base 0: -1 stop 12 ERANGE
strtol 55 base 16: 2147483647 stop 12 ERANGE
strtoul 55 base 16: -1 stop 12 ERANGE
strtol 55 base 8: 2147483647 stop 12 ERANGE
strtoul 55 base 8: -1 stop 12 ERANGE
strtol 55 base 2: 0 stop 1 -
strtoul 55 base 2: 0 stop 1 -
strtol 55 base 36: 2147483647 stop 12 ERANGE
strtoul 55 base 36: -1 stop 12 ERANGE
strtol-noend 55: 2147483647 ERANGE
strtol 56 base 10: 19 stop 2 -
strtoul 56 base 10: 19 stop 2 -
strtol 56 base 0: 19 stop 2 -
strtoul 56 base 0: 19 stop 2 -
strtol 56 base 16: 25 stop 2 -
strtoul 56 base 16: 25 stop 2 -
strtol 56 base 8: 1 stop 1 -
strtoul 56 base 8: 1 stop 1 -
strtol 56 base 2: 1 stop 1 -
strtoul 56 base 2: 1 stop 1 -
strtol 56 base 36: 45 stop 2 -
strtoul 56 base 36: 45 stop 2 -
strtol-noend 56: 19 -
strtol 57 base 10: 2147483647 stop 32 ERANGE
strtoul 57 base 10: -1 stop 32 ERANGE
strtol 57 base 0: 2147483647 stop 32 ERANGE
strtoul 57 base 0: -1 stop 32 ERANGE
strtol 57 base 16: 2147483647 stop 32 ERANGE
strtoul 57 base 16: -1 stop 32 ERANGE
strtol 57 base 8: 2147483647 stop 32 ERANGE
strtoul 57 base 8: -1 stop 32 ERANGE
strtol 57 base 2: 2147483647 stop 32 ERANGE
strtoul 57 base 2: -1 stop 32 -
strtol 57 base 36: 2147483647 stop 32 ERANGE
strtoul 57 base 36: -1 stop 32 ERANGE
strtol-noend 57: 2147483647 ERANGE
strtol 58 base 10: 2147483647 stop 33 ERANGE
strtoul 58 base 10: -1 stop 33 ERANGE
strtol 58 base 0: 2147483647 stop 33 ERANGE
strtoul 58 base 0: -1 stop 33 ERANGE
strtol 58 base 16: 2147483647 stop 33 ERANGE
strtoul 58 base 16: -1 stop 33 ERANGE
strtol 58 base 8: 2147483647 stop 33 ERANGE
strtoul 58 base 8: -1 stop 33 ERANGE
strtol 58 base 2: 2147483647 stop 33 ERANGE
strtoul 58 base 2: -1 stop 33 ERANGE
strtol 58 base 36: 2147483647 stop 33 ERANGE
strtoul 58 base 36: -1 stop 33 ERANGE
strtol-noend 58: 2147483647 ERANGE
strtol 59 base 10: 1 stop 1 -
strtoul 59 base 10: 1 stop 1 -
strtol 59 base 0: 1 stop 1 -
strtoul 59 base 0: 1 stop 1 -
strtol 59 base 16: 1 stop 1 -
strtoul 59 base 16: 1 stop 1 -
strtol 59 base 8: 1 stop 1 -
strtoul 59 base 8: 1 stop 1 -
strtol 59 base 2: 1 stop 1 -
strtoul 59 base 2: 1 stop 1 -
strtol 59 base 36: 2147483647 stop 7 ERANGE
strtoul 59 base 36: -1 stop 7 -
strtol-noend 59: 1 -
strtol 60 base 10: 1 stop 1 -
strtoul 60 base 10: 1 stop 1 -
strtol 60 base 0: 1 stop 1 -
strtoul 60 base 0: 1 stop 1 -
strtol 60 base 16: 1 stop 1 -
strtoul 60 base 16: 1 stop 1 -
strtol 60 base 8: 1 stop 1 -
strtoul 60 base 8: 1 stop 1 -
strtol 60 base 2: 1 stop 1 -
strtoul 60 base 2: 1 stop 1 -
strtol 60 base 36: 2147483647 stop 7 ERANGE
strtoul 60 base 36: -1 stop 7 ERANGE
strtol-noend 60: 1 -
strtol 61 base 10: 0 stop 0 -
strtoul 61 base 10: 0 stop 0 -
strtol 61 base 0: 0 stop 0 -
strtoul 61 base 0: 0 stop 0 -
strtol 61 base 16: 0 stop 0 -
strtoul 61 base 16: 0 stop 0 -
strtol 61 base 8: 0 stop 0 -
strtoul 61 base 8: 0 stop 0 -
strtol 61 base 2: 0 stop 0 -
strtoul 61 base 2: 0 stop 0 -
strtol 61 base 36: 1295 stop 2 -
strtoul 61 base 36: 1295 stop 2 -
strtol-noend 61: 0 -
strtol 62 base 10: 0 stop 0 -
strtoul 62 base 10: 0 stop 0 -
strtol 62 base 0: 0 stop 0 -
strtoul 62 base 0: 0 stop 0 -
strtol 62 base 16: 0 stop 0 -
strtoul 62 base 16: 0 stop 0 -
strtol 62 base 8: 0 stop 0 -
strtoul 62 base 8: 0 stop 0 -
strtol 62 base 2: 0 stop 0 -
strtoul 62 base 2: 0 stop 0 -
strtol 62 base 36: 1295 stop 2 -
strtoul 62 base 36: 1295 stop 2 -
strtol-noend 62: 0 -
strtol 63 base 10: 1 stop 1 -
strtoul 63 base 10: 1 stop 1 -
strtol 63 base 0: 1 stop 1 -
strtoul 63 base 0: 1 stop 1 -
strtol 63 base 16: 1 stop 1 -
strtoul 63 base 16: 1 stop 1 -
strtol 63 base 8: 1 stop 1 -
strtoul 63 base 8: 1 stop 1 -
strtol 63 base 2: 1 stop 1 -
strtoul 63 base 2: 1 stop 1 -
strtol 63 base 36: 1 stop 1 -
strtoul 63 base 36: 1 stop 1 -
strtol-noend 63: 1 -
strtol 64 base 10: 9 stop 1 -
strtoul 64 base 10: 9 stop 1 -
strtol 64 base 0: 9 stop 1 -
strtoul 64 base 0: 9 stop 1 -
strtol 64 base 16: 154 stop 2 -
strtoul 64 base 16: 154 stop 2 -
strtol 64 base 8: 0 stop 0 -
strtoul 64 base 8: 0 stop 0 -
strtol 64 base 2: 0 stop 0 -
strtoul 64 base 2: 0 stop 0 -
strtol 64 base 36: 334 stop 2 -
strtoul 64 base 36: 334 stop 2 -
strtol-noend 64: 9 -
strtol 65 base 10: 7 stop 1 -
strtoul 65 base 10: 7 stop 1 -
strtol 65 base 0: 7 stop 1 -
strtoul 65 base 0: 7 stop 1 -
strtol 65 base 16: 7 stop 1 -
strtoul 65 base 16: 7 stop 1 -
strtol 65 base 8: 7 stop 1 -
strtoul 65 base 8: 7 stop 1 -
strtol 65 base 2: 0 stop 0 -
strtoul 65 base 2: 0 stop 0 -
strtol 65 base 36: 7 stop 1 -
strtoul 65 base 36: 7 stop 1 -
strtol-noend 65: 7 -
atoi 0: 0 atol 0
atoi 1: 0 atol 0
atoi 2: 0 atol 0
atoi 3: 0 atol 0
atoi 4: 0 atol 0
atoi 5: 0 atol 0
atoi 6: 42 atol 42
atoi 7: -123 atol -123
atoi 8: 0 atol 0
atoi 9: 0 atol 0
atoi 10: 42 atol 42
atoi 11: 0 atol 0
atoi 12: 12 atol 12
atoi 13: 2147483647 atol 2147483647
atoi 15: -2147483648 atol -2147483648
atoi 21: -1 atol -1
atoi 22: 2147483647 atol 2147483647
atoi 24: 0 atol 0
